Timing Analyzer report for eventvault_r
Tue Sep 22 19:01:23 2026
Quartus Prime Version 25.1std.0 Build 1129 10/21/2025 SC Standard Edition


---------------------
; Table of Contents ;
---------------------
  1. Legal Notice
  2. Timing Analyzer Summary
  3. Parallel Compilation
  4. SDC File List
  5. Clocks
  6. Slow 1100mV 85C Model Fmax Summary
  7. Timing Closure Recommendations
  8. Slow 1100mV 85C Model Setup Summary
  9. Slow 1100mV 85C Model Hold Summary
 10. Slow 1100mV 85C Model Recovery Summary
 11. Slow 1100mV 85C Model Removal Summary
 12. Slow 1100mV 85C Model Minimum Pulse Width Summary
 13. Slow 1100mV 85C Model Metastability Summary
 14. Slow 1100mV 0C Model Fmax Summary
 15. Slow 1100mV 0C Model Setup Summary
 16. Slow 1100mV 0C Model Hold Summary
 17. Slow 1100mV 0C Model Recovery Summary
 18. Slow 1100mV 0C Model Removal Summary
 19. Slow 1100mV 0C Model Minimum Pulse Width Summary
 20. Slow 1100mV 0C Model Metastability Summary
 21. Fast 1100mV 85C Model Setup Summary
 22. Fast 1100mV 85C Model Hold Summary
 23. Fast 1100mV 85C Model Recovery Summary
 24. Fast 1100mV 85C Model Removal Summary
 25. Fast 1100mV 85C Model Minimum Pulse Width Summary
 26. Fast 1100mV 85C Model Metastability Summary
 27. Fast 1100mV 0C Model Setup Summary
 28. Fast 1100mV 0C Model Hold Summary
 29. Fast 1100mV 0C Model Recovery Summary
 30. Fast 1100mV 0C Model Removal Summary
 31. Fast 1100mV 0C Model Minimum Pulse Width Summary
 32. Fast 1100mV 0C Model Metastability Summary
 33. Multicorner Timing Analysis Summary
 34. Board Trace Model Assignments
 35. Input Transition Times
 36. Signal Integrity Metrics (Slow 1100mv 0c Model)
 37. Signal Integrity Metrics (Slow 1100mv 85c Model)
 38. Signal Integrity Metrics (Fast 1100mv 0c Model)
 39. Signal Integrity Metrics (Fast 1100mv 85c Model)
 40. Setup Transfers
 41. Hold Transfers
 42. Report TCCS
 43. Report RSKM
 44. Unconstrained Paths Summary
 45. Clock Status Summary
 46. Unconstrained Input Ports
 47. Unconstrained Output Ports
 48. Unconstrained Input Ports
 49. Unconstrained Output Ports
 50. Timing Analyzer Messages



----------------
; Legal Notice ;
----------------
Copyright (C) 2025  Altera Corporation. All rights reserved.
Your use of Altera Corporation's design tools, logic functions 
and other software and tools, and any partner logic 
functions, and any output files from any of the foregoing 
(including device programming or simulation files), and any 
associated documentation or information are expressly subject 
to the terms and conditions of the Altera Program License 
Subscription Agreement, the Altera Quartus Prime License Agreement,
the Altera IP License Agreement, or other applicable license
agreement, including, without limitation, that your use is for
the sole purpose of programming logic devices manufactured by
Altera and sold by Altera or its authorized distributors.  Please
refer to the Altera Software License Subscription Agreements 
on the Quartus Prime software download page.



+-------------------------------------------------------------------------------------+
; Timing Analyzer Summary                                                             ;
+-----------------------+-------------------------------------------------------------+
; Quartus Prime Version ; Version 25.1std.0 Build 1129 10/21/2025 SC Standard Edition ;
; Timing Analyzer       ; Legacy Timing Analyzer                                      ;
; Revision Name         ; eventvault_r                                                ;
; Device Family         ; Cyclone V                                                   ;
; Device Name           ; 5CSEMA5F31C6                                                ;
; Timing Models         ; Final                                                       ;
; Delay Model           ; Combined                                                    ;
; Rise/Fall Delays      ; Enabled                                                     ;
+-----------------------+-------------------------------------------------------------+


+------------------------------------------+
; Parallel Compilation                     ;
+----------------------------+-------------+
; Processors                 ; Number      ;
+----------------------------+-------------+
; Number detected on machine ; 20          ;
; Maximum allowed            ; 12          ;
;                            ;             ;
; Average used               ; 2.86        ;
; Maximum used               ; 12          ;
;                            ;             ;
; Usage by Processor         ; % Time Used ;
;     Processor 1            ; 100.0%      ;
;     Processor 2            ;  18.1%      ;
;     Processor 3            ;  18.0%      ;
;     Processor 4            ;  18.0%      ;
;     Processor 5            ;  16.6%      ;
;     Processor 6            ;  16.6%      ;
;     Processor 7            ;  16.5%      ;
;     Processor 8            ;  16.4%      ;
;     Processor 9            ;  16.4%      ;
;     Processor 10           ;  16.4%      ;
;     Processor 11           ;  16.4%      ;
;     Processor 12           ;  16.4%      ;
+----------------------------+-------------+


+------------------------------------------------------+
; SDC File List                                        ;
+------------------+--------+--------------------------+
; SDC File Path    ; Status ; Read at                  ;
+------------------+--------+--------------------------+
; eventvault_r.sdc ; OK     ; Tue Sep 22 19:01:20 2026 ;
+------------------+--------+--------------------------+


+---------------------------------------------------------------------------------------------------------------------------------------------------------------------------------+
; Clocks                                                                                                                                                                          ;
+------------+------+--------+-----------+-------+--------+------------+-----------+-------------+-------+--------+-----------+------------+----------+--------+--------+---------+
; Clock Name ; Type ; Period ; Frequency ; Rise  ; Fall   ; Duty Cycle ; Divide by ; Multiply by ; Phase ; Offset ; Edge List ; Edge Shift ; Inverted ; Master ; Source ; Targets ;
+------------+------+--------+-----------+-------+--------+------------+-----------+-------------+-------+--------+-----------+------------+----------+--------+--------+---------+
; clk        ; Base ; 20.000 ; 50.0 MHz  ; 0.000 ; 10.000 ;            ;           ;             ;       ;        ;           ;            ;          ;        ;        ; { clk } ;
+------------+------+--------+-----------+-------+--------+------------+-----------+-------------+-------+--------+-----------+------------+----------+--------+--------+---------+


+------------------------------------------------+
; Slow 1100mV 85C Model Fmax Summary             ;
+----------+-----------------+------------+------+
; Fmax     ; Restricted Fmax ; Clock Name ; Note ;
+----------+-----------------+------------+------+
; 90.3 MHz ; 90.3 MHz        ; clk        ;      ;
+----------+-----------------+------------+------+
This panel reports FMAX for every clock in the design, regardless of the user-specified clock periods.  FMAX is only computed for paths where the source and destination registers or ports are driven by the same clock.  Paths of different clocks, including generated clocks, are ignored.  For paths between a clock and its inversion, FMAX is computed as if the rising and falling edges are scaled along with FMAX, such that the duty cycle (in terms of a percentage) is maintained. Altera recommends that you always use clock constraints and other slack reports for sign-off analysis.


----------------------------------
; Timing Closure Recommendations ;
----------------------------------
HTML report is unavailable in plain text report export.


+-------------------------------------+
; Slow 1100mV 85C Model Setup Summary ;
+-------+-------+---------------------+
; Clock ; Slack ; End Point TNS       ;
+-------+-------+---------------------+
; clk   ; 8.926 ; 0.000               ;
+-------+-------+---------------------+


+------------------------------------+
; Slow 1100mV 85C Model Hold Summary ;
+-------+-------+--------------------+
; Clock ; Slack ; End Point TNS      ;
+-------+-------+--------------------+
; clk   ; 0.271 ; 0.000              ;
+-------+-------+--------------------+


------------------------------------------
; Slow 1100mV 85C Model Recovery Summary ;
------------------------------------------
No paths to report.


-----------------------------------------
; Slow 1100mV 85C Model Removal Summary ;
-----------------------------------------
No paths to report.


+---------------------------------------------------+
; Slow 1100mV 85C Model Minimum Pulse Width Summary ;
+-------+-------+-----------------------------------+
; Clock ; Slack ; End Point TNS                     ;
+-------+-------+-----------------------------------+
; clk   ; 8.841 ; 0.000                             ;
+-------+-------+-----------------------------------+


-----------------------------------------------
; Slow 1100mV 85C Model Metastability Summary ;
-----------------------------------------------
The design MTBF is not calculated because there are no specified synchronizers in the design.
Number of Synchronizer Chains Found: 98
Shortest Synchronizer Chain: 2 Registers
Fraction of Chains for which MTBFs Could Not be Calculated: 1.000
Worst Case Available Settling Time: 17.473 ns




+-------------------------------------------------+
; Slow 1100mV 0C Model Fmax Summary               ;
+-----------+-----------------+------------+------+
; Fmax      ; Restricted Fmax ; Clock Name ; Note ;
+-----------+-----------------+------------+------+
; 88.45 MHz ; 88.45 MHz       ; clk        ;      ;
+-----------+-----------------+------------+------+
This panel reports FMAX for every clock in the design, regardless of the user-specified clock periods.  FMAX is only computed for paths where the source and destination registers or ports are driven by the same clock.  Paths of different clocks, including generated clocks, are ignored.  For paths between a clock and its inversion, FMAX is computed as if the rising and falling edges are scaled along with FMAX, such that the duty cycle (in terms of a percentage) is maintained. Altera recommends that you always use clock constraints and other slack reports for sign-off analysis.


+------------------------------------+
; Slow 1100mV 0C Model Setup Summary ;
+-------+-------+--------------------+
; Clock ; Slack ; End Point TNS      ;
+-------+-------+--------------------+
; clk   ; 8.694 ; 0.000              ;
+-------+-------+--------------------+


+-----------------------------------+
; Slow 1100mV 0C Model Hold Summary ;
+-------+-------+-------------------+
; Clock ; Slack ; End Point TNS     ;
+-------+-------+-------------------+
; clk   ; 0.249 ; 0.000             ;
+-------+-------+-------------------+


-----------------------------------------
; Slow 1100mV 0C Model Recovery Summary ;
-----------------------------------------
No paths to report.


----------------------------------------
; Slow 1100mV 0C Model Removal Summary ;
----------------------------------------
No paths to report.


+--------------------------------------------------+
; Slow 1100mV 0C Model Minimum Pulse Width Summary ;
+-------+-------+----------------------------------+
; Clock ; Slack ; End Point TNS                    ;
+-------+-------+----------------------------------+
; clk   ; 8.786 ; 0.000                            ;
+-------+-------+----------------------------------+


----------------------------------------------
; Slow 1100mV 0C Model Metastability Summary ;
----------------------------------------------
The design MTBF is not calculated because there are no specified synchronizers in the design.
Number of Synchronizer Chains Found: 98
Shortest Synchronizer Chain: 2 Registers
Fraction of Chains for which MTBFs Could Not be Calculated: 1.000
Worst Case Available Settling Time: 17.586 ns




+-------------------------------------+
; Fast 1100mV 85C Model Setup Summary ;
+-------+--------+--------------------+
; Clock ; Slack  ; End Point TNS      ;
+-------+--------+--------------------+
; clk   ; 13.566 ; 0.000              ;
+-------+--------+--------------------+


+------------------------------------+
; Fast 1100mV 85C Model Hold Summary ;
+-------+-------+--------------------+
; Clock ; Slack ; End Point TNS      ;
+-------+-------+--------------------+
; clk   ; 0.180 ; 0.000              ;
+-------+-------+--------------------+


------------------------------------------
; Fast 1100mV 85C Model Recovery Summary ;
------------------------------------------
No paths to report.


-----------------------------------------
; Fast 1100mV 85C Model Removal Summary ;
-----------------------------------------
No paths to report.


+---------------------------------------------------+
; Fast 1100mV 85C Model Minimum Pulse Width Summary ;
+-------+-------+-----------------------------------+
; Clock ; Slack ; End Point TNS                     ;
+-------+-------+-----------------------------------+
; clk   ; 8.785 ; 0.000                             ;
+-------+-------+-----------------------------------+


-----------------------------------------------
; Fast 1100mV 85C Model Metastability Summary ;
-----------------------------------------------
The design MTBF is not calculated because there are no specified synchronizers in the design.
Number of Synchronizer Chains Found: 98
Shortest Synchronizer Chain: 2 Registers
Fraction of Chains for which MTBFs Could Not be Calculated: 1.000
Worst Case Available Settling Time: 18.325 ns




+------------------------------------+
; Fast 1100mV 0C Model Setup Summary ;
+-------+--------+-------------------+
; Clock ; Slack  ; End Point TNS     ;
+-------+--------+-------------------+
; clk   ; 13.899 ; 0.000             ;
+-------+--------+-------------------+


+-----------------------------------+
; Fast 1100mV 0C Model Hold Summary ;
+-------+-------+-------------------+
; Clock ; Slack ; End Point TNS     ;
+-------+-------+-------------------+
; clk   ; 0.130 ; 0.000             ;
+-------+-------+-------------------+


-----------------------------------------
; Fast 1100mV 0C Model Recovery Summary ;
-----------------------------------------
No paths to report.


----------------------------------------
; Fast 1100mV 0C Model Removal Summary ;
----------------------------------------
No paths to report.


+--------------------------------------------------+
; Fast 1100mV 0C Model Minimum Pulse Width Summary ;
+-------+-------+----------------------------------+
; Clock ; Slack ; End Point TNS                    ;
+-------+-------+----------------------------------+
; clk   ; 8.776 ; 0.000                            ;
+-------+-------+----------------------------------+


----------------------------------------------
; Fast 1100mV 0C Model Metastability Summary ;
----------------------------------------------
The design MTBF is not calculated because there are no specified synchronizers in the design.
Number of Synchronizer Chains Found: 98
Shortest Synchronizer Chain: 2 Registers
Fraction of Chains for which MTBFs Could Not be Calculated: 1.000
Worst Case Available Settling Time: 18.516 ns




+-----------------------------------------------------------------------------+
; Multicorner Timing Analysis Summary                                         ;
+------------------+-------+-------+----------+---------+---------------------+
; Clock            ; Setup ; Hold  ; Recovery ; Removal ; Minimum Pulse Width ;
+------------------+-------+-------+----------+---------+---------------------+
; Worst-case Slack ; 8.694 ; 0.130 ; N/A      ; N/A     ; 8.776               ;
;  clk             ; 8.694 ; 0.130 ; N/A      ; N/A     ; 8.776               ;
; Design-wide TNS  ; 0.0   ; 0.0   ; 0.0      ; 0.0     ; 0.0                 ;
;  clk             ; 0.000 ; 0.000 ; N/A      ; N/A     ; 0.000               ;
+------------------+-------+-------+----------+---------+---------------------+


+--------------------------------------------------------------------------------------------------------------------------------------------------------------------------------------------------------------------------------------------------------------------------------------------------------------------------------------------------------------------------------------------------------+
; Board Trace Model Assignments                                                                                                                                                                                                                                                                                                                                                                          ;
+-----+--------------+-------------------+-------------------------+-------------------------+---------------+---------------------+----------------+------------------+--------+------------------+------------------------+------------------------+--------------+---------------+-----------------+-------+---------------------+--------------------+---------------+-----------------+-------------+
; Pin ; I/O Standard ; Near Tline Length ; Near Tline L per Length ; Near Tline C per Length ; Near Series R ; Near Differential R ; Near Pull-up R ; Near Pull-down R ; Near C ; Far Tline Length ; Far Tline L per Length ; Far Tline C per Length ; Far Series R ; Far Pull-up R ; Far Pull-down R ; Far C ; Termination Voltage ; Far Differential R ; EBD File Name ; EBD Signal Name ; EBD Far-end ;
+-----+--------------+-------------------+-------------------------+-------------------------+---------------+---------------------+----------------+------------------+--------+------------------+------------------------+------------------------+--------------+---------------+-----------------+-------+---------------------+--------------------+---------------+-----------------+-------------+


+----------------------------------------------------------+
; Input Transition Times                                   ;
+-------+--------------+-----------------+-----------------+
; Pin   ; I/O Standard ; 10-90 Rise Time ; 90-10 Fall Time ;
+-------+--------------+-----------------+-----------------+
; clk   ; 2.5 V        ; 2000 ps         ; 2000 ps         ;
; rst_n ; 2.5 V        ; 2000 ps         ; 2000 ps         ;
+-------+--------------+-----------------+-----------------+


+----------------------------------------------------------------------------------------------------------------------------------------------------------------------------------------------------------------------------------------------------------------------------------------------------------------------------------------------------------------------------------------------------------------------------------------------------------------------------------------------------------------------------------------------------------------------------------------------------------------------------------------------------------------------------------+
; Signal Integrity Metrics (Slow 1100mv 0c Model)                                                                                                                                                                                                                                                                                                                                                                                                                                                                                                                                                                                                                                  ;
+-----+--------------+---------------------+---------------------+------------------------------+------------------------------+---------------------+---------------------+--------------------------------------+--------------------------------------+-----------------------------+-----------------------------+----------------------------+----------------------------+-----------------------------+-----------------------------+--------------------+--------------------+-------------------------------------+-------------------------------------+----------------------------+----------------------------+---------------------------+---------------------------+
; Pin ; I/O Standard ; Board Delay on Rise ; Board Delay on Fall ; Steady State Voh at FPGA Pin ; Steady State Vol at FPGA Pin ; Voh Max at FPGA Pin ; Vol Min at FPGA Pin ; Ringback Voltage on Rise at FPGA Pin ; Ringback Voltage on Fall at FPGA Pin ; 10-90 Rise Time at FPGA Pin ; 90-10 Fall Time at FPGA Pin ; Monotonic Rise at FPGA Pin ; Monotonic Fall at FPGA Pin ; Steady State Voh at Far-end ; Steady State Vol at Far-end ; Voh Max at Far-end ; Vol Min at Far-end ; Ringback Voltage on Rise at Far-end ; Ringback Voltage on Fall at Far-end ; 10-90 Rise Time at Far-end ; 90-10 Fall Time at Far-end ; Monotonic Rise at Far-end ; Monotonic Fall at Far-end ;
+-----+--------------+---------------------+---------------------+------------------------------+------------------------------+---------------------+---------------------+--------------------------------------+--------------------------------------+-----------------------------+-----------------------------+----------------------------+----------------------------+-----------------------------+-----------------------------+--------------------+--------------------+-------------------------------------+-------------------------------------+----------------------------+----------------------------+---------------------------+---------------------------+


+----------------------------------------------------------------------------------------------------------------------------------------------------------------------------------------------------------------------------------------------------------------------------------------------------------------------------------------------------------------------------------------------------------------------------------------------------------------------------------------------------------------------------------------------------------------------------------------------------------------------------------------------------------------------------------+
; Signal Integrity Metrics (Slow 1100mv 85c Model)                                                                                                                                                                                                                                                                                                                                                                                                                                                                                                                                                                                                                                 ;
+-----+--------------+---------------------+---------------------+------------------------------+------------------------------+---------------------+---------------------+--------------------------------------+--------------------------------------+-----------------------------+-----------------------------+----------------------------+----------------------------+-----------------------------+-----------------------------+--------------------+--------------------+-------------------------------------+-------------------------------------+----------------------------+----------------------------+---------------------------+---------------------------+
; Pin ; I/O Standard ; Board Delay on Rise ; Board Delay on Fall ; Steady State Voh at FPGA Pin ; Steady State Vol at FPGA Pin ; Voh Max at FPGA Pin ; Vol Min at FPGA Pin ; Ringback Voltage on Rise at FPGA Pin ; Ringback Voltage on Fall at FPGA Pin ; 10-90 Rise Time at FPGA Pin ; 90-10 Fall Time at FPGA Pin ; Monotonic Rise at FPGA Pin ; Monotonic Fall at FPGA Pin ; Steady State Voh at Far-end ; Steady State Vol at Far-end ; Voh Max at Far-end ; Vol Min at Far-end ; Ringback Voltage on Rise at Far-end ; Ringback Voltage on Fall at Far-end ; 10-90 Rise Time at Far-end ; 90-10 Fall Time at Far-end ; Monotonic Rise at Far-end ; Monotonic Fall at Far-end ;
+-----+--------------+---------------------+---------------------+------------------------------+------------------------------+---------------------+---------------------+--------------------------------------+--------------------------------------+-----------------------------+-----------------------------+----------------------------+----------------------------+-----------------------------+-----------------------------+--------------------+--------------------+-------------------------------------+-------------------------------------+----------------------------+----------------------------+---------------------------+---------------------------+


+----------------------------------------------------------------------------------------------------------------------------------------------------------------------------------------------------------------------------------------------------------------------------------------------------------------------------------------------------------------------------------------------------------------------------------------------------------------------------------------------------------------------------------------------------------------------------------------------------------------------------------------------------------------------------------+
; Signal Integrity Metrics (Fast 1100mv 0c Model)                                                                                                                                                                                                                                                                                                                                                                                                                                                                                                                                                                                                                                  ;
+-----+--------------+---------------------+---------------------+------------------------------+------------------------------+---------------------+---------------------+--------------------------------------+--------------------------------------+-----------------------------+-----------------------------+----------------------------+----------------------------+-----------------------------+-----------------------------+--------------------+--------------------+-------------------------------------+-------------------------------------+----------------------------+----------------------------+---------------------------+---------------------------+
; Pin ; I/O Standard ; Board Delay on Rise ; Board Delay on Fall ; Steady State Voh at FPGA Pin ; Steady State Vol at FPGA Pin ; Voh Max at FPGA Pin ; Vol Min at FPGA Pin ; Ringback Voltage on Rise at FPGA Pin ; Ringback Voltage on Fall at FPGA Pin ; 10-90 Rise Time at FPGA Pin ; 90-10 Fall Time at FPGA Pin ; Monotonic Rise at FPGA Pin ; Monotonic Fall at FPGA Pin ; Steady State Voh at Far-end ; Steady State Vol at Far-end ; Voh Max at Far-end ; Vol Min at Far-end ; Ringback Voltage on Rise at Far-end ; Ringback Voltage on Fall at Far-end ; 10-90 Rise Time at Far-end ; 90-10 Fall Time at Far-end ; Monotonic Rise at Far-end ; Monotonic Fall at Far-end ;
+-----+--------------+---------------------+---------------------+------------------------------+------------------------------+---------------------+---------------------+--------------------------------------+--------------------------------------+-----------------------------+-----------------------------+----------------------------+----------------------------+-----------------------------+-----------------------------+--------------------+--------------------+-------------------------------------+-------------------------------------+----------------------------+----------------------------+---------------------------+---------------------------+


+----------------------------------------------------------------------------------------------------------------------------------------------------------------------------------------------------------------------------------------------------------------------------------------------------------------------------------------------------------------------------------------------------------------------------------------------------------------------------------------------------------------------------------------------------------------------------------------------------------------------------------------------------------------------------------+
; Signal Integrity Metrics (Fast 1100mv 85c Model)                                                                                                                                                                                                                                                                                                                                                                                                                                                                                                                                                                                                                                 ;
+-----+--------------+---------------------+---------------------+------------------------------+------------------------------+---------------------+---------------------+--------------------------------------+--------------------------------------+-----------------------------+-----------------------------+----------------------------+----------------------------+-----------------------------+-----------------------------+--------------------+--------------------+-------------------------------------+-------------------------------------+----------------------------+----------------------------+---------------------------+---------------------------+
; Pin ; I/O Standard ; Board Delay on Rise ; Board Delay on Fall ; Steady State Voh at FPGA Pin ; Steady State Vol at FPGA Pin ; Voh Max at FPGA Pin ; Vol Min at FPGA Pin ; Ringback Voltage on Rise at FPGA Pin ; Ringback Voltage on Fall at FPGA Pin ; 10-90 Rise Time at FPGA Pin ; 90-10 Fall Time at FPGA Pin ; Monotonic Rise at FPGA Pin ; Monotonic Fall at FPGA Pin ; Steady State Voh at Far-end ; Steady State Vol at Far-end ; Voh Max at Far-end ; Vol Min at Far-end ; Ringback Voltage on Rise at Far-end ; Ringback Voltage on Fall at Far-end ; 10-90 Rise Time at Far-end ; 90-10 Fall Time at Far-end ; Monotonic Rise at Far-end ; Monotonic Fall at Far-end ;
+-----+--------------+---------------------+---------------------+------------------------------+------------------------------+---------------------+---------------------+--------------------------------------+--------------------------------------+-----------------------------+-----------------------------+----------------------------+----------------------------+-----------------------------+-----------------------------+--------------------+--------------------+-------------------------------------+-------------------------------------+----------------------------+----------------------------+---------------------------+---------------------------+


+-------------------------------------------------------------------+
; Setup Transfers                                                   ;
+------------+----------+----------+----------+----------+----------+
; From Clock ; To Clock ; RR Paths ; FR Paths ; RF Paths ; FF Paths ;
+------------+----------+----------+----------+----------+----------+
; clk        ; clk      ; 590741   ; 0        ; 0        ; 0        ;
+------------+----------+----------+----------+----------+----------+
Entries labeled "false path" only account for clock-to-clock false paths and not path-based false paths. As a result, actual path counts may be lower than reported.


+-------------------------------------------------------------------+
; Hold Transfers                                                    ;
+------------+----------+----------+----------+----------+----------+
; From Clock ; To Clock ; RR Paths ; FR Paths ; RF Paths ; FF Paths ;
+------------+----------+----------+----------+----------+----------+
; clk        ; clk      ; 590741   ; 0        ; 0        ; 0        ;
+------------+----------+----------+----------+----------+----------+
Entries labeled "false path" only account for clock-to-clock false paths and not path-based false paths. As a result, actual path counts may be lower than reported.


---------------
; Report TCCS ;
---------------
No dedicated SERDES Transmitter circuitry present in device or used in design


---------------
; Report RSKM ;
---------------
No non-DPA dedicated SERDES Receiver circuitry present in device or used in design


+------------------------------------------------+
; Unconstrained Paths Summary                    ;
+---------------------------------+-------+------+
; Property                        ; Setup ; Hold ;
+---------------------------------+-------+------+
; Illegal Clocks                  ; 0     ; 0    ;
; Unconstrained Clocks            ; 0     ; 0    ;
; Unconstrained Input Ports       ; 39    ; 39   ;
; Unconstrained Input Port Paths  ; 1501  ; 1501 ;
; Unconstrained Output Ports      ; 37    ; 37   ;
; Unconstrained Output Port Paths ; 42    ; 42   ;
+---------------------------------+-------+------+


+-------------------------------------+
; Clock Status Summary                ;
+--------+-------+------+-------------+
; Target ; Clock ; Type ; Status      ;
+--------+-------+------+-------------+
; clk    ; clk   ; Base ; Constrained ;
+--------+-------+------+-------------+


+---------------------------------------------------------------------------------------------------------+
; Unconstrained Input Ports                                                                               ;
+------------------+--------------------------------------------------------------------------------------+
; Input Port       ; Comment                                                                              ;
+------------------+--------------------------------------------------------------------------------------+
; rst_n            ; No input delay, min/max delays, false-path exceptions, or max skew assignments found ;
; s_axi_arvalid    ; No input delay, min/max delays, false-path exceptions, or max skew assignments found ;
; s_axi_awvalid    ; No input delay, min/max delays, false-path exceptions, or max skew assignments found ;
; s_axi_bready     ; No input delay, min/max delays, false-path exceptions, or max skew assignments found ;
; s_axi_wvalid     ; No input delay, min/max delays, false-path exceptions, or max skew assignments found ;
; s_axis_tdata[0]  ; No input delay, min/max delays, false-path exceptions, or max skew assignments found ;
; s_axis_tdata[1]  ; No input delay, min/max delays, false-path exceptions, or max skew assignments found ;
; s_axis_tdata[2]  ; No input delay, min/max delays, false-path exceptions, or max skew assignments found ;
; s_axis_tdata[3]  ; No input delay, min/max delays, false-path exceptions, or max skew assignments found ;
; s_axis_tdata[4]  ; No input delay, min/max delays, false-path exceptions, or max skew assignments found ;
; s_axis_tdata[5]  ; No input delay, min/max delays, false-path exceptions, or max skew assignments found ;
; s_axis_tdata[6]  ; No input delay, min/max delays, false-path exceptions, or max skew assignments found ;
; s_axis_tdata[7]  ; No input delay, min/max delays, false-path exceptions, or max skew assignments found ;
; s_axis_tdata[8]  ; No input delay, min/max delays, false-path exceptions, or max skew assignments found ;
; s_axis_tdata[9]  ; No input delay, min/max delays, false-path exceptions, or max skew assignments found ;
; s_axis_tdata[10] ; No input delay, min/max delays, false-path exceptions, or max skew assignments found ;
; s_axis_tdata[11] ; No input delay, min/max delays, false-path exceptions, or max skew assignments found ;
; s_axis_tdata[12] ; No input delay, min/max delays, false-path exceptions, or max skew assignments found ;
; s_axis_tdata[13] ; No input delay, min/max delays, false-path exceptions, or max skew assignments found ;
; s_axis_tdata[14] ; No input delay, min/max delays, false-path exceptions, or max skew assignments found ;
; s_axis_tdata[15] ; No input delay, min/max delays, false-path exceptions, or max skew assignments found ;
; s_axis_tdata[16] ; No input delay, min/max delays, false-path exceptions, or max skew assignments found ;
; s_axis_tdata[17] ; No input delay, min/max delays, false-path exceptions, or max skew assignments found ;
; s_axis_tdata[18] ; No input delay, min/max delays, false-path exceptions, or max skew assignments found ;
; s_axis_tdata[19] ; No input delay, min/max delays, false-path exceptions, or max skew assignments found ;
; s_axis_tdata[20] ; No input delay, min/max delays, false-path exceptions, or max skew assignments found ;
; s_axis_tdata[21] ; No input delay, min/max delays, false-path exceptions, or max skew assignments found ;
; s_axis_tdata[22] ; No input delay, min/max delays, false-path exceptions, or max skew assignments found ;
; s_axis_tdata[23] ; No input delay, min/max delays, false-path exceptions, or max skew assignments found ;
; s_axis_tdata[24] ; No input delay, min/max delays, false-path exceptions, or max skew assignments found ;
; s_axis_tdata[25] ; No input delay, min/max delays, false-path exceptions, or max skew assignments found ;
; s_axis_tdata[26] ; No input delay, min/max delays, false-path exceptions, or max skew assignments found ;
; s_axis_tdata[27] ; No input delay, min/max delays, false-path exceptions, or max skew assignments found ;
; s_axis_tdata[28] ; No input delay, min/max delays, false-path exceptions, or max skew assignments found ;
; s_axis_tdata[29] ; No input delay, min/max delays, false-path exceptions, or max skew assignments found ;
; s_axis_tdata[30] ; No input delay, min/max delays, false-path exceptions, or max skew assignments found ;
; s_axis_tdata[31] ; No input delay, min/max delays, false-path exceptions, or max skew assignments found ;
; s_axis_tlast     ; No input delay, min/max delays, false-path exceptions, or max skew assignments found ;
; s_axis_tvalid    ; No input delay, min/max delays, false-path exceptions, or max skew assignments found ;
+------------------+--------------------------------------------------------------------------------------+


+----------------------------------------------------------------------------------------------------------+
; Unconstrained Output Ports                                                                               ;
+------------------+---------------------------------------------------------------------------------------+
; Output Port      ; Comment                                                                               ;
+------------------+---------------------------------------------------------------------------------------+
; m_axis_tdata[0]  ; No output delay, min/max delays, false-path exceptions, or max skew assignments found ;
; m_axis_tdata[1]  ; No output delay, min/max delays, false-path exceptions, or max skew assignments found ;
; m_axis_tdata[2]  ; No output delay, min/max delays, false-path exceptions, or max skew assignments found ;
; m_axis_tdata[3]  ; No output delay, min/max delays, false-path exceptions, or max skew assignments found ;
; m_axis_tdata[4]  ; No output delay, min/max delays, false-path exceptions, or max skew assignments found ;
; m_axis_tdata[5]  ; No output delay, min/max delays, false-path exceptions, or max skew assignments found ;
; m_axis_tdata[6]  ; No output delay, min/max delays, false-path exceptions, or max skew assignments found ;
; m_axis_tdata[7]  ; No output delay, min/max delays, false-path exceptions, or max skew assignments found ;
; m_axis_tdata[8]  ; No output delay, min/max delays, false-path exceptions, or max skew assignments found ;
; m_axis_tdata[9]  ; No output delay, min/max delays, false-path exceptions, or max skew assignments found ;
; m_axis_tdata[10] ; No output delay, min/max delays, false-path exceptions, or max skew assignments found ;
; m_axis_tdata[11] ; No output delay, min/max delays, false-path exceptions, or max skew assignments found ;
; m_axis_tdata[12] ; No output delay, min/max delays, false-path exceptions, or max skew assignments found ;
; m_axis_tdata[13] ; No output delay, min/max delays, false-path exceptions, or max skew assignments found ;
; m_axis_tdata[14] ; No output delay, min/max delays, false-path exceptions, or max skew assignments found ;
; m_axis_tdata[15] ; No output delay, min/max delays, false-path exceptions, or max skew assignments found ;
; m_axis_tdata[16] ; No output delay, min/max delays, false-path exceptions, or max skew assignments found ;
; m_axis_tdata[17] ; No output delay, min/max delays, false-path exceptions, or max skew assignments found ;
; m_axis_tdata[18] ; No output delay, min/max delays, false-path exceptions, or max skew assignments found ;
; m_axis_tdata[19] ; No output delay, min/max delays, false-path exceptions, or max skew assignments found ;
; m_axis_tdata[20] ; No output delay, min/max delays, false-path exceptions, or max skew assignments found ;
; m_axis_tdata[21] ; No output delay, min/max delays, false-path exceptions, or max skew assignments found ;
; m_axis_tdata[22] ; No output delay, min/max delays, false-path exceptions, or max skew assignments found ;
; m_axis_tdata[23] ; No output delay, min/max delays, false-path exceptions, or max skew assignments found ;
; m_axis_tdata[24] ; No output delay, min/max delays, false-path exceptions, or max skew assignments found ;
; m_axis_tdata[25] ; No output delay, min/max delays, false-path exceptions, or max skew assignments found ;
; m_axis_tdata[26] ; No output delay, min/max delays, false-path exceptions, or max skew assignments found ;
; m_axis_tdata[27] ; No output delay, min/max delays, false-path exceptions, or max skew assignments found ;
; m_axis_tdata[28] ; No output delay, min/max delays, false-path exceptions, or max skew assignments found ;
; m_axis_tdata[29] ; No output delay, min/max delays, false-path exceptions, or max skew assignments found ;
; m_axis_tdata[30] ; No output delay, min/max delays, false-path exceptions, or max skew assignments found ;
; m_axis_tdata[31] ; No output delay, min/max delays, false-path exceptions, or max skew assignments found ;
; m_axis_tlast     ; No output delay, min/max delays, false-path exceptions, or max skew assignments found ;
; m_axis_tvalid    ; No output delay, min/max delays, false-path exceptions, or max skew assignments found ;
; s_axi_bvalid     ; No output delay, min/max delays, false-path exceptions, or max skew assignments found ;
; s_axi_rvalid     ; No output delay, min/max delays, false-path exceptions, or max skew assignments found ;
; s_axis_tready    ; No output delay, min/max delays, false-path exceptions, or max skew assignments found ;
+------------------+---------------------------------------------------------------------------------------+


+---------------------------------------------------------------------------------------------------------+
; Unconstrained Input Ports                                                                               ;
+------------------+--------------------------------------------------------------------------------------+
; Input Port       ; Comment                                                                              ;
+------------------+--------------------------------------------------------------------------------------+
; rst_n            ; No input delay, min/max delays, false-path exceptions, or max skew assignments found ;
; s_axi_arvalid    ; No input delay, min/max delays, false-path exceptions, or max skew assignments found ;
; s_axi_awvalid    ; No input delay, min/max delays, false-path exceptions, or max skew assignments found ;
; s_axi_bready     ; No input delay, min/max delays, false-path exceptions, or max skew assignments found ;
; s_axi_wvalid     ; No input delay, min/max delays, false-path exceptions, or max skew assignments found ;
; s_axis_tdata[0]  ; No input delay, min/max delays, false-path exceptions, or max skew assignments found ;
; s_axis_tdata[1]  ; No input delay, min/max delays, false-path exceptions, or max skew assignments found ;
; s_axis_tdata[2]  ; No input delay, min/max delays, false-path exceptions, or max skew assignments found ;
; s_axis_tdata[3]  ; No input delay, min/max delays, false-path exceptions, or max skew assignments found ;
; s_axis_tdata[4]  ; No input delay, min/max delays, false-path exceptions, or max skew assignments found ;
; s_axis_tdata[5]  ; No input delay, min/max delays, false-path exceptions, or max skew assignments found ;
; s_axis_tdata[6]  ; No input delay, min/max delays, false-path exceptions, or max skew assignments found ;
; s_axis_tdata[7]  ; No input delay, min/max delays, false-path exceptions, or max skew assignments found ;
; s_axis_tdata[8]  ; No input delay, min/max delays, false-path exceptions, or max skew assignments found ;
; s_axis_tdata[9]  ; No input delay, min/max delays, false-path exceptions, or max skew assignments found ;
; s_axis_tdata[10] ; No input delay, min/max delays, false-path exceptions, or max skew assignments found ;
; s_axis_tdata[11] ; No input delay, min/max delays, false-path exceptions, or max skew assignments found ;
; s_axis_tdata[12] ; No input delay, min/max delays, false-path exceptions, or max skew assignments found ;
; s_axis_tdata[13] ; No input delay, min/max delays, false-path exceptions, or max skew assignments found ;
; s_axis_tdata[14] ; No input delay, min/max delays, false-path exceptions, or max skew assignments found ;
; s_axis_tdata[15] ; No input delay, min/max delays, false-path exceptions, or max skew assignments found ;
; s_axis_tdata[16] ; No input delay, min/max delays, false-path exceptions, or max skew assignments found ;
; s_axis_tdata[17] ; No input delay, min/max delays, false-path exceptions, or max skew assignments found ;
; s_axis_tdata[18] ; No input delay, min/max delays, false-path exceptions, or max skew assignments found ;
; s_axis_tdata[19] ; No input delay, min/max delays, false-path exceptions, or max skew assignments found ;
; s_axis_tdata[20] ; No input delay, min/max delays, false-path exceptions, or max skew assignments found ;
; s_axis_tdata[21] ; No input delay, min/max delays, false-path exceptions, or max skew assignments found ;
; s_axis_tdata[22] ; No input delay, min/max delays, false-path exceptions, or max skew assignments found ;
; s_axis_tdata[23] ; No input delay, min/max delays, false-path exceptions, or max skew assignments found ;
; s_axis_tdata[24] ; No input delay, min/max delays, false-path exceptions, or max skew assignments found ;
; s_axis_tdata[25] ; No input delay, min/max delays, false-path exceptions, or max skew assignments found ;
; s_axis_tdata[26] ; No input delay, min/max delays, false-path exceptions, or max skew assignments found ;
; s_axis_tdata[27] ; No input delay, min/max delays, false-path exceptions, or max skew assignments found ;
; s_axis_tdata[28] ; No input delay, min/max delays, false-path exceptions, or max skew assignments found ;
; s_axis_tdata[29] ; No input delay, min/max delays, false-path exceptions, or max skew assignments found ;
; s_axis_tdata[30] ; No input delay, min/max delays, false-path exceptions, or max skew assignments found ;
; s_axis_tdata[31] ; No input delay, min/max delays, false-path exceptions, or max skew assignments found ;
; s_axis_tlast     ; No input delay, min/max delays, false-path exceptions, or max skew assignments found ;
; s_axis_tvalid    ; No input delay, min/max delays, false-path exceptions, or max skew assignments found ;
+------------------+--------------------------------------------------------------------------------------+


+----------------------------------------------------------------------------------------------------------+
; Unconstrained Output Ports                                                                               ;
+------------------+---------------------------------------------------------------------------------------+
; Output Port      ; Comment                                                                               ;
+------------------+---------------------------------------------------------------------------------------+
; m_axis_tdata[0]  ; No output delay, min/max delays, false-path exceptions, or max skew assignments found ;
; m_axis_tdata[1]  ; No output delay, min/max delays, false-path exceptions, or max skew assignments found ;
; m_axis_tdata[2]  ; No output delay, min/max delays, false-path exceptions, or max skew assignments found ;
; m_axis_tdata[3]  ; No output delay, min/max delays, false-path exceptions, or max skew assignments found ;
; m_axis_tdata[4]  ; No output delay, min/max delays, false-path exceptions, or max skew assignments found ;
; m_axis_tdata[5]  ; No output delay, min/max delays, false-path exceptions, or max skew assignments found ;
; m_axis_tdata[6]  ; No output delay, min/max delays, false-path exceptions, or max skew assignments found ;
; m_axis_tdata[7]  ; No output delay, min/max delays, false-path exceptions, or max skew assignments found ;
; m_axis_tdata[8]  ; No output delay, min/max delays, false-path exceptions, or max skew assignments found ;
; m_axis_tdata[9]  ; No output delay, min/max delays, false-path exceptions, or max skew assignments found ;
; m_axis_tdata[10] ; No output delay, min/max delays, false-path exceptions, or max skew assignments found ;
; m_axis_tdata[11] ; No output delay, min/max delays, false-path exceptions, or max skew assignments found ;
; m_axis_tdata[12] ; No output delay, min/max delays, false-path exceptions, or max skew assignments found ;
; m_axis_tdata[13] ; No output delay, min/max delays, false-path exceptions, or max skew assignments found ;
; m_axis_tdata[14] ; No output delay, min/max delays, false-path exceptions, or max skew assignments found ;
; m_axis_tdata[15] ; No output delay, min/max delays, false-path exceptions, or max skew assignments found ;
; m_axis_tdata[16] ; No output delay, min/max delays, false-path exceptions, or max skew assignments found ;
; m_axis_tdata[17] ; No output delay, min/max delays, false-path exceptions, or max skew assignments found ;
; m_axis_tdata[18] ; No output delay, min/max delays, false-path exceptions, or max skew assignments found ;
; m_axis_tdata[19] ; No output delay, min/max delays, false-path exceptions, or max skew assignments found ;
; m_axis_tdata[20] ; No output delay, min/max delays, false-path exceptions, or max skew assignments found ;
; m_axis_tdata[21] ; No output delay, min/max delays, false-path exceptions, or max skew assignments found ;
; m_axis_tdata[22] ; No output delay, min/max delays, false-path exceptions, or max skew assignments found ;
; m_axis_tdata[23] ; No output delay, min/max delays, false-path exceptions, or max skew assignments found ;
; m_axis_tdata[24] ; No output delay, min/max delays, false-path exceptions, or max skew assignments found ;
; m_axis_tdata[25] ; No output delay, min/max delays, false-path exceptions, or max skew assignments found ;
; m_axis_tdata[26] ; No output delay, min/max delays, false-path exceptions, or max skew assignments found ;
; m_axis_tdata[27] ; No output delay, min/max delays, false-path exceptions, or max skew assignments found ;
; m_axis_tdata[28] ; No output delay, min/max delays, false-path exceptions, or max skew assignments found ;
; m_axis_tdata[29] ; No output delay, min/max delays, false-path exceptions, or max skew assignments found ;
; m_axis_tdata[30] ; No output delay, min/max delays, false-path exceptions, or max skew assignments found ;
; m_axis_tdata[31] ; No output delay, min/max delays, false-path exceptions, or max skew assignments found ;
; m_axis_tlast     ; No output delay, min/max delays, false-path exceptions, or max skew assignments found ;
; m_axis_tvalid    ; No output delay, min/max delays, false-path exceptions, or max skew assignments found ;
; s_axi_bvalid     ; No output delay, min/max delays, false-path exceptions, or max skew assignments found ;
; s_axi_rvalid     ; No output delay, min/max delays, false-path exceptions, or max skew assignments found ;
; s_axis_tready    ; No output delay, min/max delays, false-path exceptions, or max skew assignments found ;
+------------------+---------------------------------------------------------------------------------------+


+--------------------------+
; Timing Analyzer Messages ;
+--------------------------+
Info: *******************************************************************
Info: Running Quartus Prime Timing Analyzer
    Info: Version 25.1std.0 Build 1129 10/21/2025 SC Standard Edition
    Info: Processing started: Tue Sep 22 19:01:19 2026
Info: Command: quartus_sta eventvault_r -c eventvault_r
Info: qsta_default_script.tcl version: #1
Warning (18236): Number of processors has not been specified which may cause overloading on shared machines.  Set the global assignment NUM_PARALLEL_PROCESSORS in your QSF to an appropriate value for best performance.
Info (20030): Parallel compilation is enabled and will use 12 of the 12 processors detected
Info (21076): High junction temperature operating condition is not set. Assuming a default value of '85'.
Info (21076): Low junction temperature operating condition is not set. Assuming a default value of '0'.
Info (332104): Reading SDC File: 'eventvault_r.sdc'
Info (332151): Clock uncertainty is not calculated until you update the timing netlist.
Info (332123): Deriving Clock Uncertainty. Please refer to report_sdc in the Timing Analyzer to see clock uncertainties.
Info: Found TIMING_ANALYZER_REPORT_SCRIPT_INCLUDE_DEFAULT_ANALYSIS = ON
Info: Analyzing Slow 1100mV 85C Model
Info (332146): Worst-case setup slack is 8.926
    Info (332119):     Slack       End Point TNS Clock 
    Info (332119): ========= =================== =====================
    Info (332119):     8.926               0.000 clk 
Info (332146): Worst-case hold slack is 0.271
    Info (332119):     Slack       End Point TNS Clock 
    Info (332119): ========= =================== =====================
    Info (332119):     0.271               0.000 clk 
Info (332140): No Recovery paths to report
Info (332140): No Removal paths to report
Info (332146): Worst-case minimum pulse width slack is 8.841
    Info (332119):     Slack       End Point TNS Clock 
    Info (332119): ========= =================== =====================
    Info (332119):     8.841               0.000 clk 
Info (332114): Report Metastability: Found 98 synchronizer chains.
    Info (332114): The design MTBF is not calculated because there are no specified synchronizers in the design.
    Info (332114): Number of Synchronizer Chains Found: 98
    Info (332114): Shortest Synchronizer Chain: 2 Registers
    Info (332114): Fraction of Chains for which MTBFs Could Not be Calculated: 1.000
    Info (332114): Worst Case Available Settling Time: 17.473 ns
    Info (332114): 
Info: Analyzing Slow 1100mV 0C Model
Info (334003): Started post-fitting delay annotation
Info (334004): Delay annotation completed successfully
Info (332123): Deriving Clock Uncertainty. Please refer to report_sdc in the Timing Analyzer to see clock uncertainties.
Info (332146): Worst-case setup slack is 8.694
    Info (332119):     Slack       End Point TNS Clock 
    Info (332119): ========= =================== =====================
    Info (332119):     8.694               0.000 clk 
Info (332146): Worst-case hold slack is 0.249
    Info (332119):     Slack       End Point TNS Clock 
    Info (332119): ========= =================== =====================
    Info (332119):     0.249               0.000 clk 
Info (332140): No Recovery paths to report
Info (332140): No Removal paths to report
Info (332146): Worst-case minimum pulse width slack is 8.786
    Info (332119):     Slack       End Point TNS Clock 
    Info (332119): ========= =================== =====================
    Info (332119):     8.786               0.000 clk 
Info (332114): Report Metastability: Found 98 synchronizer chains.
    Info (332114): The design MTBF is not calculated because there are no specified synchronizers in the design.
    Info (332114): Number of Synchronizer Chains Found: 98
    Info (332114): Shortest Synchronizer Chain: 2 Registers
    Info (332114): Fraction of Chains for which MTBFs Could Not be Calculated: 1.000
    Info (332114): Worst Case Available Settling Time: 17.586 ns
    Info (332114): 
Info: Analyzing Fast 1100mV 85C Model
Info (334003): Started post-fitting delay annotation
Info (334004): Delay annotation completed successfully
Info (332123): Deriving Clock Uncertainty. Please refer to report_sdc in the Timing Analyzer to see clock uncertainties.
Info (332146): Worst-case setup slack is 13.566
    Info (332119):     Slack       End Point TNS Clock 
    Info (332119): ========= =================== =====================
    Info (332119):    13.566               0.000 clk 
Info (332146): Worst-case hold slack is 0.180
    Info (332119):     Slack       End Point TNS Clock 
    Info (332119): ========= =================== =====================
    Info (332119):     0.180               0.000 clk 
Info (332140): No Recovery paths to report
Info (332140): No Removal paths to report
Info (332146): Worst-case minimum pulse width slack is 8.785
    Info (332119):     Slack       End Point TNS Clock 
    Info (332119): ========= =================== =====================
    Info (332119):     8.785               0.000 clk 
Info (332114): Report Metastability: Found 98 synchronizer chains.
    Info (332114): The design MTBF is not calculated because there are no specified synchronizers in the design.
    Info (332114): Number of Synchronizer Chains Found: 98
    Info (332114): Shortest Synchronizer Chain: 2 Registers
    Info (332114): Fraction of Chains for which MTBFs Could Not be Calculated: 1.000
    Info (332114): Worst Case Available Settling Time: 18.325 ns
    Info (332114): 
Info: Analyzing Fast 1100mV 0C Model
Info (332123): Deriving Clock Uncertainty. Please refer to report_sdc in the Timing Analyzer to see clock uncertainties.
Info (332146): Worst-case setup slack is 13.899
    Info (332119):     Slack       End Point TNS Clock 
    Info (332119): ========= =================== =====================
    Info (332119):    13.899               0.000 clk 
Info (332146): Worst-case hold slack is 0.130
    Info (332119):     Slack       End Point TNS Clock 
    Info (332119): ========= =================== =====================
    Info (332119):     0.130               0.000 clk 
Info (332140): No Recovery paths to report
Info (332140): No Removal paths to report
Info (332146): Worst-case minimum pulse width slack is 8.776
    Info (332119):     Slack       End Point TNS Clock 
    Info (332119): ========= =================== =====================
    Info (332119):     8.776               0.000 clk 
Info (332114): Report Metastability: Found 98 synchronizer chains.
    Info (332114): The design MTBF is not calculated because there are no specified synchronizers in the design.
    Info (332114): Number of Synchronizer Chains Found: 98
    Info (332114): Shortest Synchronizer Chain: 2 Registers
    Info (332114): Fraction of Chains for which MTBFs Could Not be Calculated: 1.000
    Info (332114): Worst Case Available Settling Time: 18.516 ns
    Info (332114): 
Info (332102): Design is not fully constrained for setup requirements
Info (332102): Design is not fully constrained for hold requirements
Info: Quartus Prime Timing Analyzer was successful. 0 errors, 1 warning
    Info: Peak virtual memory: 5384 megabytes
    Info: Processing ended: Tue Sep 22 19:01:23 2026
    Info: Elapsed time: 00:00:04
    Info: Total CPU time (on all processors): 00:00:09


